<?xml version="1.0" encoding="UTF-8"?><mappingRoot xmlns="http://www.ibm.com/2008/ccl/Mapping" domainID="com.ibm.msl.mapping.xml" domainIDExtension="mb" mainMap="true" targetNamespace="default" version="8.0.5.0" xmlns:map="default">
    <input path="jar:file://!com/ibm/etools/mft/map/xsds/predefined/JsonDomainMsg.xsd" var="var1"/>
    <input derivedFrom="MB:JSON_schema_in_json_file" path="/ItemSchema.yaml" var="var"/>
    <output path="/OutputXMLSchema.xsd"/>
    <namespaces>
        <namespace kind="supplement" prefix="in" uri="http://www.ibm.com/iib/msl/json"/>
        <namespace kind="supplement" prefix="out" uri="http://www.example.org/OutputXMLSchema"/>
    </namespaces>
    <generation engine="xquery"/>
    <mappingDeclaration name="Mapping">
        <input namespace="http://www.ibm.com/iib/msl/json" path="$var1/mb:msg(JSON,assembly,JSON,Properties)" var="ComIbmMessageAssembly_JSON">
            <cast derivedFrom="MB:JSON_TYPE" path="$ComIbmMessageAssembly_JSON/JSON/Data/type('anyType')" qualifier="{http://www.ibm.com/iib/msl/json}ItemSchema_JsonType" ref="var"/>
        </input>
        <output namespace="http://www.example.org/OutputXMLSchema" path="mb:msg(Item,assembly,XMLNSC,Properties)" var="ComIbmMessageAssembly_Item"/>
        <move>
            <input path="$ComIbmMessageAssembly_JSON/Properties"/>
            <output path="$ComIbmMessageAssembly_Item/Properties"/>
        </move>
        <move>
            <input path="$ComIbmMessageAssembly_JSON/JSON/spath('Data',2)/name"/>
            <output path="$ComIbmMessageAssembly_Item/Item/Name"/>
        </move>
        <move>
            <input path="$ComIbmMessageAssembly_JSON/JSON/spath('Data',2)/department"/>
            <output path="$ComIbmMessageAssembly_Item/Item/Department"/>
        </move>
        <move>
            <input path="$ComIbmMessageAssembly_JSON/JSON/spath('Data',2)/description"/>
            <output path="$ComIbmMessageAssembly_Item/Item/Description"/>
        </move>
        <expression>
            <input path="$ComIbmMessageAssembly_JSON/JSON/spath('Data',2)/price" var="price"/>
            <input path="$ComIbmMessageAssembly_JSON/JSON/spath('Data',2)/quantity" var="quantity"/>
            <output path="$ComIbmMessageAssembly_Item/Item/TotalCost"/>
            <code lang="xpath">$quantity*$price</code>
        </expression>
    </mappingDeclaration>
</mappingRoot>